// Jest Snapshot v1, https://goo.gl/fbAQLP

exports[`full cycle of isolated should create all files 1`] = `
"# THIS IS AN AUTOGENERATED FILE. DO NOT EDIT THIS FILE DIRECTLY.
# yarn lockfile v1


in-w1-dep-1@1:
  version \\"7.10.4\\"
  resolved \\"https://registry.yarnpkg.com/in-w1-dev-dep-1.tgz#123123\\"
  integrity sha512-shashashashashashashhsa==
  dependencies:
    in-w1-dep-2 \\"2\\"
"
`;
